------------------------------------------------------------
Timing Analyzer Summary
------------------------------------------------------------

Type  : Slow 1200mV 85C Model Setup 'CLK'
Slack : 0.261
TNS   : 0.000

Type  : Slow 1200mV 85C Model Hold 'CLK'
Slack : 0.412
TNS   : 0.000

Type  : Slow 1200mV 85C Model Recovery 'CLK'
Slack : -2.470
TNS   : -8.858

Type  : Slow 1200mV 85C Model Removal 'CLK'
Slack : 2.469
TNS   : 0.000

Type  : Slow 1200mV 85C Model Minimum Pulse Width 'CLK'
Slack : -3.000
TNS   : -10.435

Type  : Slow 1200mV 0C Model Setup 'CLK'
Slack : 0.334
TNS   : 0.000

Type  : Slow 1200mV 0C Model Hold 'CLK'
Slack : 0.368
TNS   : 0.000

Type  : Slow 1200mV 0C Model Recovery 'CLK'
Slack : -2.126
TNS   : -7.617

Type  : Slow 1200mV 0C Model Removal 'CLK'
Slack : 2.194
TNS   : 0.000

Type  : Slow 1200mV 0C Model Minimum Pulse Width 'CLK'
Slack : -3.000
TNS   : -10.435

Type  : Fast 1200mV 0C Model Setup 'CLK'
Slack : 0.694
TNS   : 0.000

Type  : Fast 1200mV 0C Model Hold 'CLK'
Slack : 0.170
TNS   : 0.000

Type  : Fast 1200mV 0C Model Recovery 'CLK'
Slack : -1.045
TNS   : -3.898

Type  : Fast 1200mV 0C Model Removal 'CLK'
Slack : 1.651
TNS   : 0.000

Type  : Fast 1200mV 0C Model Minimum Pulse Width 'CLK'
Slack : -3.000
TNS   : -8.449

------------------------------------------------------------
